[0m16:27:40.372674 [debug] [MainThread]: Sending event: {'category': 'dbt', 'action': 'invocation', 'label': 'start', 'context': [<snowplow_tracker.self_describing_json.SelfDescribingJson object at 0x000001EE739939A0>, <snowplow_tracker.self_describing_json.SelfDescribingJson object at 0x000001EE7535B2B0>, <snowplow_tracker.self_describing_json.SelfDescribingJson object at 0x000001EE7535AFB0>]}


============================== 16:27:40.777106 | fc2c5b64-e393-4b03-a0b2-55bd684059ef ==============================
[0m16:27:40.777106 [info ] [MainThread]: Running with dbt=1.11.11
[0m16:27:40.792580 [debug] [MainThread]: running dbt with arguments {'static_parser': 'True', 'no_print': 'None', 'version_check': 'True', 'target_path': 'None', 'warn_error_options': 'WarnErrorOptionsV2(error=[], warn=[], silence=[])', 'printer_width': '80', 'write_json': 'True', 'empty': 'None', 'log_cache_events': 'False', 'introspect': 'True', 'cache_selected_only': 'False', 'fail_fast': 'False', 'debug': 'False', 'log_format': 'default', 'partial_parse': 'True', 'send_anonymous_usage_stats': 'True', 'quiet': 'False', 'warn_error': 'None', 'profiles_dir': 'C:\\Users\\hp\\.dbt', 'invocation_command': 'dbt init', 'indirect_selection': 'eager', 'use_colors': 'True', 'use_experimental_parser': 'False', 'log_path': 'logs'}
[0m16:28:53.603939 [debug] [MainThread]: Starter project path: C:\Users\hp\Desktop\windows\Data_eng\de_projects\Rebuilding\airbnb_aws_snowflake_dbt\.venv\lib\site-packages\dbt\include\starter_project
[0m16:28:53.836609 [info ] [MainThread]: 
Your new dbt project "airbnb_aws_snowflake_dbt" was created!

For more information on how to configure the profiles.yml file,
please consult the dbt documentation here:

  https://docs.getdbt.com/docs/configure-your-profile

One more thing:

Need help? Don't hesitate to reach out to us via GitHub issues or on Slack:

  https://community.getdbt.com/

Happy modeling!

[0m16:28:53.837883 [info ] [MainThread]: Setting up your profile.
[0m16:34:53.935356 [debug] [MainThread]: Sending event: {'category': 'dbt', 'action': 'invocation', 'label': 'start', 'context': [<snowplow_tracker.self_describing_json.SelfDescribingJson object at 0x000001B26B236500>, <snowplow_tracker.self_describing_json.SelfDescribingJson object at 0x000001B26C5F03D0>, <snowplow_tracker.self_describing_json.SelfDescribingJson object at 0x000001B26C5F01C0>]}


============================== 16:34:53.942062 | 189c3629-86f9-456f-a35f-d630a22ebedc ==============================
[0m16:34:53.942062 [info ] [MainThread]: Running with dbt=1.11.11
[0m16:34:53.944447 [debug] [MainThread]: running dbt with arguments {'version_check': 'True', 'no_print': 'None', 'static_parser': 'True', 'warn_error_options': 'WarnErrorOptionsV2(error=[], warn=[], silence=[])', 'target_path': 'None', 'printer_width': '80', 'write_json': 'True', 'introspect': 'True', 'log_cache_events': 'False', 'empty': 'None', 'cache_selected_only': 'False', 'log_format': 'default', 'debug': 'False', 'fail_fast': 'False', 'profiles_dir': 'C:\\Users\\hp\\.dbt', 'send_anonymous_usage_stats': 'True', 'quiet': 'False', 'warn_error': 'None', 'partial_parse': 'True', 'invocation_command': 'dbt init', 'use_colors': 'True', 'indirect_selection': 'eager', 'use_experimental_parser': 'False', 'log_path': 'logs'}
[0m16:34:53.996817 [info ] [MainThread]: Creating dbt configuration folder at C:\Users\hp\.dbt
[0m16:43:14.334271 [debug] [MainThread]: Sending event: {'category': 'dbt', 'action': 'invocation', 'label': 'start', 'context': [<snowplow_tracker.self_describing_json.SelfDescribingJson object at 0x0000019CEF37E650>, <snowplow_tracker.self_describing_json.SelfDescribingJson object at 0x0000019CF072C3D0>, <snowplow_tracker.self_describing_json.SelfDescribingJson object at 0x0000019CF072C160>]}


============================== 16:43:14.341467 | 7a3e6611-0657-46b1-977b-4bdc0f45ef22 ==============================
[0m16:43:14.341467 [info ] [MainThread]: Running with dbt=1.11.11
[0m16:43:14.342756 [debug] [MainThread]: running dbt with arguments {'static_parser': 'True', 'no_print': 'None', 'version_check': 'True', 'target_path': 'None', 'warn_error_options': 'WarnErrorOptionsV2(error=[], warn=[], silence=[])', 'printer_width': '80', 'write_json': 'True', 'empty': 'None', 'log_cache_events': 'False', 'introspect': 'True', 'cache_selected_only': 'False', 'fail_fast': 'False', 'debug': 'False', 'log_format': 'default', 'profiles_dir': 'C:\\Users\\hp\\.dbt', 'send_anonymous_usage_stats': 'True', 'quiet': 'False', 'warn_error': 'None', 'partial_parse': 'True', 'invocation_command': 'dbt init', 'indirect_selection': 'eager', 'use_colors': 'True', 'use_experimental_parser': 'False', 'log_path': 'logs'}
[0m16:43:41.866087 [debug] [MainThread]: Starter project path: C:\Users\hp\Desktop\windows\Data_eng\de_projects\Rebuilding\airbnb_aws_snowflake_dbt\.venv\lib\site-packages\dbt\include\starter_project
[0m16:43:41.905705 [info ] [MainThread]: 
Your new dbt project "airbnb_project" was created!

For more information on how to configure the profiles.yml file,
please consult the dbt documentation here:

  https://docs.getdbt.com/docs/configure-your-profile

One more thing:

Need help? Don't hesitate to reach out to us via GitHub issues or on Slack:

  https://community.getdbt.com/

Happy modeling!

[0m16:43:41.906701 [info ] [MainThread]: Setting up your profile.
[0m16:44:01.454021 [debug] [MainThread]: Snowflake adapter: Setting snowflake.connector to ERROR (file logging only)
[0m16:44:01.456232 [debug] [MainThread]: Snowflake adapter: Setting botocore to ERROR (file logging only)
[0m16:44:01.458681 [debug] [MainThread]: Snowflake adapter: Setting boto3 to ERROR (file logging only)
[0m16:45:51.126092 [info ] [MainThread]: Profile airbnb_project written to C:\Users\hp\.dbt\profiles.yml using target's profile_template.yml and your supplied values. Run 'dbt debug' to validate the connection.
[0m16:45:51.136106 [debug] [MainThread]: Command `dbt init` succeeded at 16:45:51.136106 after 157.03 seconds
[0m16:45:51.143223 [debug] [MainThread]: Sending event: {'category': 'dbt', 'action': 'invocation', 'label': 'end', 'context': [<snowplow_tracker.self_describing_json.SelfDescribingJson object at 0x0000019CEF37E650>, <snowplow_tracker.self_describing_json.SelfDescribingJson object at 0x0000019CF072C190>, <snowplow_tracker.self_describing_json.SelfDescribingJson object at 0x0000019CF072C3D0>]}
[0m16:45:51.144760 [debug] [MainThread]: Flushing usage events
[0m16:45:52.248761 [debug] [MainThread]: An error was encountered while trying to flush usage events
[0m19:12:44.773500 [debug] [MainThread]: Sending event: {'category': 'dbt', 'action': 'invocation', 'label': 'start', 'context': [<snowplow_tracker.self_describing_json.SelfDescribingJson object at 0x00000192E8C1A710>, <snowplow_tracker.self_describing_json.SelfDescribingJson object at 0x00000192EA0303D0>, <snowplow_tracker.self_describing_json.SelfDescribingJson object at 0x00000192EA0301F0>]}


============================== 19:12:44.778438 | 2e823319-9930-4948-a7f8-b16ec83a1280 ==============================
[0m19:12:44.778438 [info ] [MainThread]: Running with dbt=1.11.11
[0m19:12:44.782200 [debug] [MainThread]: running dbt with arguments {'static_parser': 'True', 'no_print': 'None', 'version_check': 'True', 'target_path': 'None', 'warn_error_options': 'WarnErrorOptionsV2(error=[], warn=[], silence=[])', 'printer_width': '80', 'write_json': 'True', 'introspect': 'True', 'log_cache_events': 'False', 'empty': 'False', 'cache_selected_only': 'False', 'fail_fast': 'False', 'debug': 'False', 'log_format': 'default', 'partial_parse': 'True', 'send_anonymous_usage_stats': 'True', 'quiet': 'False', 'warn_error': 'None', 'profiles_dir': 'C:\\Users\\hp\\.dbt', 'use_colors': 'True', 'indirect_selection': 'eager', 'invocation_command': 'dbt run --select models/silver', 'use_experimental_parser': 'False', 'log_path': 'logs'}
[0m19:12:44.783196 [error] [MainThread]: Encountered an error:
Runtime Error
  No dbt_project.yml found at expected path C:\Users\hp\Desktop\windows\Data_eng\de_projects\Rebuilding\airbnb_aws_snowflake_dbt\dbt_project.yml
  Verify that each entry within packages.yml (and their transitive dependencies) contains a file named dbt_project.yml
  
[0m19:12:44.786024 [debug] [MainThread]: Command `dbt run` failed at 19:12:44.786024 after 0.17 seconds
[0m19:12:44.786024 [debug] [MainThread]: Sending event: {'category': 'dbt', 'action': 'invocation', 'label': 'end', 'context': [<snowplow_tracker.self_describing_json.SelfDescribingJson object at 0x00000192E8C1A710>, <snowplow_tracker.self_describing_json.SelfDescribingJson object at 0x00000192EA0304C0>, <snowplow_tracker.self_describing_json.SelfDescribingJson object at 0x00000192EA030490>]}
[0m19:12:44.786024 [debug] [MainThread]: Flushing usage events
[0m19:12:45.731034 [debug] [MainThread]: An error was encountered while trying to flush usage events
